******************************************************************************
                  TI ARM Linker PC v20.2.7                     
******************************************************************************
>> Linked Fri May 17 15:21:39 2024

OUTPUT FILE NAME:   <Projekt4.out>
ENTRY POINT SYMBOL: "_c_int00_noargs"  address: 00004329


MEMORY CONFIGURATION

         name            origin    length      used     unused   attr    fill
----------------------  --------  ---------  --------  --------  ----  --------
  FLASH                 00000000   00040000  00004402  0003bbfe  R  X
  SRAM                  20000000   00008000  00001f03  000060fd  RW X


SEGMENT ALLOCATION MAP

run origin  load origin   length   init length attrs members
----------  ----------- ---------- ----------- ----- -------
00000000    00000000    00004408   00004408    r-x
  00000000    00000000    0000026c   0000026c    r-- .intvecs
  0000026c    0000026c    0000413e   0000413e    r-x .text
  000043ac    000043ac    00000020   00000020    r-- .const
  000043d0    000043d0    00000038   00000038    r-- .cinit
20000000    20000000    00001f06   00000000    rw-
  20000000    20000000    00001cbd   00000000    rw- .bss
  20001cc0    20001cc0    00000200   00000000    rw- .stack
  20001ec0    20001ec0    00000046   00000000    rw- .data


SECTION ALLOCATION MAP

 output                                  attributes/
section   page    origin      length       input sections
--------  ----  ----------  ----------   ----------------
.intvecs   0    00000000    0000026c     
                  00000000    0000026c     startup_frt.obj (.intvecs)

.text      0    0000026c    0000413e     
                  0000026c    00001d30     tasks.obj (.text)
                  00001f9c    00000bea     queue.obj (.text)
                  00002b86    00000002     --HOLE-- [fill = 0]
                  00002b88    0000079c     SPI.obj (.text)
                  00003324    00000424     lcd.obj (.text)
                  00003748    000001d8     heap_2.obj (.text)
                  00003920    000001b0     keypad.obj (.text)
                  00003ad0    0000013c     port.obj (.text)
                  00003c0c    0000012a     list.obj (.text)
                  00003d36    000000fc     rtsv7M4_T_le_v4SPD16_eabi.lib : fd_mul_t2.asm.obj (.text)
                  00003e32    00000002     --HOLE-- [fill = 0]
                  00003e34    000000da     portasm.obj (.text)
                  00003f0e    00000002     --HOLE-- [fill = 0]
                  00003f10    000000d8     main.obj (.text)
                  00003fe8    000000a4     gpio.obj (.text)
                  0000408c    0000009c     rtsv7M4_T_le_v4SPD16_eabi.lib : memcpy_t2.asm.obj (.text)
                  00004128    0000007a                                   : memset_t2.asm.obj (.text)
                  000041a2    0000006e                                   : fd_tos_t2.asm.obj (.text)
                  00004210    0000006c     systick_frt.obj (.text)
                  0000427c    00000068     rtsv7M4_T_le_v4SPD16_eabi.lib : copy_decompress_lzss.c.obj (.text:decompress:lzss:__TI_decompress_lzss)
                  000042e4    00000044                                   : autoinit.c.obj (.text:__TI_auto_init_nobinit_nopinit:__TI_auto_init_nobinit_nopinit)
                  00004328    00000034                                   : boot_cortex_m.c.obj (.text:_c_int00_noargs:_c_int00_noargs)
                  0000435c    00000020                                   : u_tofd_t2.asm.obj (.text)
                  0000437c    0000000e                                   : copy_decompress_none.c.obj (.text:decompress:none:__TI_decompress_none)
                  0000438a    0000000c                                   : copy_zero_init.c.obj (.text:decompress:ZI:__TI_zero_init)
                  00004396    0000000c     startup_frt.obj (.text)
                  000043a2    00000004     rtsv7M4_T_le_v4SPD16_eabi.lib : pre_init.c.obj (.text:_system_pre_init)
                  000043a6    00000004                                   : exit.c.obj (.text:abort:abort)

.const     0    000043ac    00000020     
                  000043ac    0000000c     keypad.obj (.const:$P$T0$1)
                  000043b8    0000000a     lcd.obj (.const:.string:LCD_init_sequense)
                  000043c2    00000002     --HOLE-- [fill = 0]
                  000043c4    00000004     port.obj (.const)
                  000043c8    00000004     tasks.obj (.const)

.cinit     0    000043d0    00000038     
                  000043d0    00000012     (.cinit..data.load) [load image, compression = lzss]
                  000043e2    00000002     --HOLE-- [fill = 0]
                  000043e4    0000000c     (__TI_handler_table)
                  000043f0    00000008     (.cinit..bss.load) [load image, compression = zero_init]
                  000043f8    00000010     (__TI_cinit_table)

.init_array 
*          0    00000000    00000000     UNINITIALIZED

.bss       0    20000000    00001cbd     UNINITIALIZED
                  20000000    00001b58     heap_2.obj (.bss:ucHeap)
                  20001b58    000000c8     tasks.obj (.bss:pxReadyTasksLists)
                  20001c20    00000014     tasks.obj (.bss:xDelayedTaskList1)
                  20001c34    00000014     tasks.obj (.bss:xDelayedTaskList2)
                  20001c48    00000014     tasks.obj (.bss:xPendingReadyList)
                  20001c5c    00000014     tasks.obj (.bss:xSuspendedTaskList)
                  20001c70    00000014     tasks.obj (.bss:xTasksWaitingTermination)
                  20001c84    00000008     SPI.obj (.bss)
                  20001c8c    00000008     tasks.obj (.bss)
                  20001c94    00000008     heap_2.obj (.bss:xEnd)
                  20001c9c    00000008     heap_2.obj (.bss:xStart)
                  20001ca4    00000004     (.common:xQueue_SPI)
                  20001ca8    00000004     (.common:xQueue_keypad)
                  20001cac    00000004     (.common:xQueue_lcd)
                  20001cb0    00000004     (.common:xSemaphore_SPI)
                  20001cb4    00000004     (.common:xSemaphore_keypad)
                  20001cb8    00000004     (.common:xSemaphore_lcd)
                  20001cbc    00000001     (.common:LCD_init)

.data      0    20001ec0    00000046     UNINITIALIZED
                  20001ec0    00000034     tasks.obj (.data)
                  20001ef4    00000008     heap_2.obj (.data)
                  20001efc    00000004     keypad.obj (.data)
                  20001f00    00000004     port.obj (.data)
                  20001f04    00000002     lcd.obj (.data)

.stack     0    20001cc0    00000200     UNINITIALIZED
                  20001cc0    00000004     rtsv7M4_T_le_v4SPD16_eabi.lib : boot_cortex_m.c.obj (.stack)
                  20001cc4    000001fc     --HOLE--

__llvm_prf_cnts 
*          0    20000000    00000000     UNINITIALIZED

MODULE SUMMARY

       Module                       code    ro data   rw data
       ------                       ----    -------   -------
    .\
       tasks.obj                    7472    4         360    
       heap_2.obj                   472     0         7024   
       queue.obj                    3050    0         0      
       SPI.obj                      1948    0         8      
       lcd.obj                      1060    10        3      
       startup_frt.obj              12      620       0      
       keypad.obj                   432     12        4      
       port.obj                     316     4         4      
       list.obj                     298     0         0      
       main.obj                     216     0         24     
       portasm.obj                  218     0         0      
       gpio.obj                     164     0         0      
       systick_frt.obj              108     0         0      
    +--+----------------------------+-------+---------+---------+
       Total:                       15766   650       7427   
                                                             
    C:\ti\ccs1270\ccs\tools\compiler\ti-cgt-arm_20.2.7.LTS\lib\rtsv7M4_T_le_v4SPD16_eabi.lib
       fd_mul_t2.asm.obj            252     0         0      
       memcpy_t2.asm.obj            156     0         0      
       memset_t2.asm.obj            122     0         0      
       fd_tos_t2.asm.obj            110     0         0      
       copy_decompress_lzss.c.obj   104     0         0      
       autoinit.c.obj               68      0         0      
       boot_cortex_m.c.obj          52      0         0      
       u_tofd_t2.asm.obj            32      0         0      
       copy_decompress_none.c.obj   14      0         0      
       copy_zero_init.c.obj         12      0         0      
       exit.c.obj                   4       0         0      
       pre_init.c.obj               4       0         0      
    +--+----------------------------+-------+---------+---------+
       Total:                       930     0         0      
                                                             
       Stack:                       0       0         512    
       Linker Generated:            0       54        0      
    +--+----------------------------+-------+---------+---------+
       Grand Total:                 16696   704       7939   


LINKER GENERATED COPY TABLES

__TI_cinit_table @ 000043f8 records: 2, size/record: 8, table size: 16
	.data: load addr=000043d0, load size=00000012 bytes, run addr=20001ec0, run size=00000046 bytes, compression=lzss
	.bss: load addr=000043f0, load size=00000008 bytes, run addr=20000000, run size=00001cbd bytes, compression=zero_init


LINKER GENERATED HANDLER TABLE

__TI_handler_table @ 000043e4 records: 3, size/record: 4, table size: 12
	index: 0, handler: __TI_decompress_lzss
	index: 1, handler: __TI_decompress_none
	index: 2, handler: __TI_zero_init


GLOBAL SYMBOLS: SORTED ALPHABETICALLY BY Name 

address   name                               
-------   ----                               
000043a7  C$$EXIT                            
20001cbc  LCD_init                           
000043b8  LCD_init_sequense                  
00004397  ResetISR                           
00002ded  SPI_task                           
00002d03  SSI2_Init                          
00002d7f  SSI2_Transfer                      
00003599  Set_cursor                         
00002b89  TiltShow                           
20001ec0  __STACK_END                        
00000200  __STACK_SIZE                       
20001ec0  __STACK_TOP                        
000043f8  __TI_CINIT_Base                    
00004408  __TI_CINIT_Limit                   
000043e4  __TI_Handler_Table_Base            
000043f0  __TI_Handler_Table_Limit           
000042e5  __TI_auto_init_nobinit_nopinit     
0000427d  __TI_decompress_lzss               
0000437d  __TI_decompress_none               
ffffffff  __TI_pprof_out_hndl                
ffffffff  __TI_prof_data_size                
ffffffff  __TI_prof_data_start               
00000000  __TI_static_base__                 
0000438b  __TI_zero_init                     
000041a3  __aeabi_d2f                        
00003d37  __aeabi_dmul                       
00004129  __aeabi_memclr                     
00004129  __aeabi_memclr4                    
00004129  __aeabi_memclr8                    
0000408d  __aeabi_memcpy                     
0000408d  __aeabi_memcpy4                    
0000408d  __aeabi_memcpy8                    
0000412b  __aeabi_memset                     
0000412b  __aeabi_memset4                    
0000412b  __aeabi_memset8                    
0000435d  __aeabi_ui2d                       
ffffffff  __binit__                          
ffffffff  __c_args__                         
UNDEFED   __mpu_init                         
20001cc0  __stack                            
20000000  __start___llvm_prf_cnts            
20000000  __stop___llvm_prf_cnts             
00004329  _c_int00_noargs                    
UNDEFED   _system_post_cinit                 
000043a3  _system_pre_init                   
000043a7  abort                              
ffffffff  binit                              
0000399b  check_column                       
0000354d  clr_LCD                            
00000000  g_pfnVectors                       
00003573  home_LCD                           
00003fe9  init_gpio                          
00004211  init_systick                       
0000396d  key_catch                          
20001efc  key_state                          
00003a19  key_task                           
00003609  lcd_task                           
00003f65  main                               
0000408d  memcpy                             
00004131  memset                             
00003389  move_LCD                           
20001f04  my_state                           
000035a9  out_LCD                            
000034e1  out_LCD_high                       
00003497  out_LCD_low                        
00000d11  pcTaskGetName                      
00003749  pvPortMalloc                       
000017c9  pvTaskIncrementMutexHeldCount      
20001ec0  pxCurrentTCB                       
00003ad1  pxPortInitialiseStack              
00003921  row                                
00003a09  set_key_state                      
000035e5  set_state                          
000043c4  ulMaxSyscallInterruptPriority      
00003e45  ulPortGetIPSR                      
000017e9  ulTaskGenericNotifyTake            
00001e59  ulTaskGenericNotifyValueClear      
00003cef  uxListRemove                       
000028d5  uxQueueMessagesWaiting             
0000290b  uxQueueMessagesWaitingFromISR      
000028eb  uxQueueSpacesAvailable             
00000d01  uxTaskGetNumberOfTasks             
00000621  uxTaskPriorityGet                  
0000064d  uxTaskPriorityGetFromISR           
000017a1  uxTaskResetEventItemValue          
000043c8  uxTopUsedPriority                  
00003c0d  vListInitialise                    
00003c3d  vListInitialiseItem                
00003c89  vListInsert                        
00003c4d  vListInsertEnd                     
00003f01  vPortEnableVFP                     
00003b71  vPortEndScheduler                  
00003b73  vPortEnterCritical                 
00003b93  vPortExitCritical                  
00003861  vPortFree                          
000038c5  vPortInitialiseBlocks              
00003ebd  vPortSVCHandler                    
00003bcf  vPortSetupTimerInterrupt           
00003edd  vPortStartFirstTask                
00002921  vQueueDelete                       
000005eb  vTaskDelay                         
000004a3  vTaskDelete                        
00000b17  vTaskEndScheduler                  
00001cb1  vTaskGenericNotifyGiveFromISR      
000012bd  vTaskInternalSetTimeOutState       
00001361  vTaskMissedYield                   
00000f9b  vTaskPlaceOnEventList              
00000fbd  vTaskPlaceOnUnorderedEventList     
000016a1  vTaskPriorityDisinheritAfterTimeout
000006a9  vTaskPrioritySet                   
00001195  vTaskRemoveFromUnorderedEventList  
0000092b  vTaskResume                        
0000129f  vTaskSetTimeOutState               
00000acd  vTaskStartScheduler                
00000801  vTaskSuspend                       
00000b33  vTaskSuspendAll                    
00000f39  vTaskSwitchContext                 
00003325  wr_ch_LCD                          
000034f7  wr_ctrl_LCD                        
00003481  wr_ctrl_LCD_high                   
000033bf  wr_ctrl_LCD_low                    
0000336b  wr_str_LCD                         
000038bf  xPortGetFreeHeapSize               
00003e5d  xPortPendSVHandler                 
00003b3b  xPortStartScheduler                
00003ba9  xPortSysTickHandler                
0000213f  xQueueCreateMutex                  
0000206f  xQueueGenericCreate                
00001f9d  xQueueGenericReset                 
000021eb  xQueueGenericSend                  
00002319  xQueueGenericSendFromISR           
000023bb  xQueueGiveFromISR                  
0000216b  xQueueGiveMutexRecursive           
00002b1b  xQueueIsQueueEmptyFromISR          
00002b61  xQueueIsQueueFullFromISR           
000026c7  xQueuePeek                         
00002883  xQueuePeekFromISR                  
0000244f  xQueueReceive                      
000027e9  xQueueReceiveFromISR               
0000256d  xQueueSemaphoreTake                
000021a7  xQueueTakeMutexRecursive           
20001ca4  xQueue_SPI                         
20001ca8  xQueue_keypad                      
20001cac  xQueue_lcd                         
20001cb0  xSemaphore_SPI                     
20001cb4  xSemaphore_keypad                  
20001cb8  xSemaphore_lcd                     
00000d31  xTaskCatchUpTicks                  
000012dd  xTaskCheckForTimeOut               
0000026d  xTaskCreate                        
0000055b  xTaskDelayUntil                    
00001951  xTaskGenericNotify                 
00001ad9  xTaskGenericNotifyFromISR          
00001e09  xTaskGenericNotifyStateClear       
0000188f  xTaskGenericNotifyWait             
00001465  xTaskGetCurrentTaskHandle          
00000cd5  xTaskGetTickCount                  
00000ce9  xTaskGetTickCountFromISR           
00000d6d  xTaskIncrementTick                 
000015a9  xTaskPriorityDisinherit            
00001489  xTaskPriorityInherit               
00001035  xTaskRemoveFromEventList           
00000b49  xTaskResumeAll                     
000009f5  xTaskResumeFromISR                 


GLOBAL SYMBOLS: SORTED BY Symbol Address 

address   name                               
-------   ----                               
00000000  __TI_static_base__                 
00000000  g_pfnVectors                       
00000200  __STACK_SIZE                       
0000026d  xTaskCreate                        
000004a3  vTaskDelete                        
0000055b  xTaskDelayUntil                    
000005eb  vTaskDelay                         
00000621  uxTaskPriorityGet                  
0000064d  uxTaskPriorityGetFromISR           
000006a9  vTaskPrioritySet                   
00000801  vTaskSuspend                       
0000092b  vTaskResume                        
000009f5  xTaskResumeFromISR                 
00000acd  vTaskStartScheduler                
00000b17  vTaskEndScheduler                  
00000b33  vTaskSuspendAll                    
00000b49  xTaskResumeAll                     
00000cd5  xTaskGetTickCount                  
00000ce9  xTaskGetTickCountFromISR           
00000d01  uxTaskGetNumberOfTasks             
00000d11  pcTaskGetName                      
00000d31  xTaskCatchUpTicks                  
00000d6d  xTaskIncrementTick                 
00000f39  vTaskSwitchContext                 
00000f9b  vTaskPlaceOnEventList              
00000fbd  vTaskPlaceOnUnorderedEventList     
00001035  xTaskRemoveFromEventList           
00001195  vTaskRemoveFromUnorderedEventList  
0000129f  vTaskSetTimeOutState               
000012bd  vTaskInternalSetTimeOutState       
000012dd  xTaskCheckForTimeOut               
00001361  vTaskMissedYield                   
00001465  xTaskGetCurrentTaskHandle          
00001489  xTaskPriorityInherit               
000015a9  xTaskPriorityDisinherit            
000016a1  vTaskPriorityDisinheritAfterTimeout
000017a1  uxTaskResetEventItemValue          
000017c9  pvTaskIncrementMutexHeldCount      
000017e9  ulTaskGenericNotifyTake            
0000188f  xTaskGenericNotifyWait             
00001951  xTaskGenericNotify                 
00001ad9  xTaskGenericNotifyFromISR          
00001cb1  vTaskGenericNotifyGiveFromISR      
00001e09  xTaskGenericNotifyStateClear       
00001e59  ulTaskGenericNotifyValueClear      
00001f9d  xQueueGenericReset                 
0000206f  xQueueGenericCreate                
0000213f  xQueueCreateMutex                  
0000216b  xQueueGiveMutexRecursive           
000021a7  xQueueTakeMutexRecursive           
000021eb  xQueueGenericSend                  
00002319  xQueueGenericSendFromISR           
000023bb  xQueueGiveFromISR                  
0000244f  xQueueReceive                      
0000256d  xQueueSemaphoreTake                
000026c7  xQueuePeek                         
000027e9  xQueueReceiveFromISR               
00002883  xQueuePeekFromISR                  
000028d5  uxQueueMessagesWaiting             
000028eb  uxQueueSpacesAvailable             
0000290b  uxQueueMessagesWaitingFromISR      
00002921  vQueueDelete                       
00002b1b  xQueueIsQueueEmptyFromISR          
00002b61  xQueueIsQueueFullFromISR           
00002b89  TiltShow                           
00002d03  SSI2_Init                          
00002d7f  SSI2_Transfer                      
00002ded  SPI_task                           
00003325  wr_ch_LCD                          
0000336b  wr_str_LCD                         
00003389  move_LCD                           
000033bf  wr_ctrl_LCD_low                    
00003481  wr_ctrl_LCD_high                   
00003497  out_LCD_low                        
000034e1  out_LCD_high                       
000034f7  wr_ctrl_LCD                        
0000354d  clr_LCD                            
00003573  home_LCD                           
00003599  Set_cursor                         
000035a9  out_LCD                            
000035e5  set_state                          
00003609  lcd_task                           
00003749  pvPortMalloc                       
00003861  vPortFree                          
000038bf  xPortGetFreeHeapSize               
000038c5  vPortInitialiseBlocks              
00003921  row                                
0000396d  key_catch                          
0000399b  check_column                       
00003a09  set_key_state                      
00003a19  key_task                           
00003ad1  pxPortInitialiseStack              
00003b3b  xPortStartScheduler                
00003b71  vPortEndScheduler                  
00003b73  vPortEnterCritical                 
00003b93  vPortExitCritical                  
00003ba9  xPortSysTickHandler                
00003bcf  vPortSetupTimerInterrupt           
00003c0d  vListInitialise                    
00003c3d  vListInitialiseItem                
00003c4d  vListInsertEnd                     
00003c89  vListInsert                        
00003cef  uxListRemove                       
00003d37  __aeabi_dmul                       
00003e45  ulPortGetIPSR                      
00003e5d  xPortPendSVHandler                 
00003ebd  vPortSVCHandler                    
00003edd  vPortStartFirstTask                
00003f01  vPortEnableVFP                     
00003f65  main                               
00003fe9  init_gpio                          
0000408d  __aeabi_memcpy                     
0000408d  __aeabi_memcpy4                    
0000408d  __aeabi_memcpy8                    
0000408d  memcpy                             
00004129  __aeabi_memclr                     
00004129  __aeabi_memclr4                    
00004129  __aeabi_memclr8                    
0000412b  __aeabi_memset                     
0000412b  __aeabi_memset4                    
0000412b  __aeabi_memset8                    
00004131  memset                             
000041a3  __aeabi_d2f                        
00004211  init_systick                       
0000427d  __TI_decompress_lzss               
000042e5  __TI_auto_init_nobinit_nopinit     
00004329  _c_int00_noargs                    
0000435d  __aeabi_ui2d                       
0000437d  __TI_decompress_none               
0000438b  __TI_zero_init                     
00004397  ResetISR                           
000043a3  _system_pre_init                   
000043a7  C$$EXIT                            
000043a7  abort                              
000043b8  LCD_init_sequense                  
000043c4  ulMaxSyscallInterruptPriority      
000043c8  uxTopUsedPriority                  
000043e4  __TI_Handler_Table_Base            
000043f0  __TI_Handler_Table_Limit           
000043f8  __TI_CINIT_Base                    
00004408  __TI_CINIT_Limit                   
20000000  __start___llvm_prf_cnts            
20000000  __stop___llvm_prf_cnts             
20001ca4  xQueue_SPI                         
20001ca8  xQueue_keypad                      
20001cac  xQueue_lcd                         
20001cb0  xSemaphore_SPI                     
20001cb4  xSemaphore_keypad                  
20001cb8  xSemaphore_lcd                     
20001cbc  LCD_init                           
20001cc0  __stack                            
20001ec0  __STACK_END                        
20001ec0  __STACK_TOP                        
20001ec0  pxCurrentTCB                       
20001efc  key_state                          
20001f04  my_state                           
ffffffff  __TI_pprof_out_hndl                
ffffffff  __TI_prof_data_size                
ffffffff  __TI_prof_data_start               
ffffffff  __binit__                          
ffffffff  __c_args__                         
ffffffff  binit                              
UNDEFED   __mpu_init                         
UNDEFED   _system_post_cinit                 

[164 symbols]
